// Jest Snapshot v1, https://goo.gl/fbAQLP

exports[`asyncAction should wait end of all actions with promise and make a snapshot of store 1`] = `
Object {
  "clientId": "123",
  "clientSecret": "456",
}
`;
