// Jest Snapshot v1, https://goo.gl/fbAQLP

exports[`asyncAction should throw an error 1`] = `"You should at least give one action."`;
