// Jest Snapshot v1, https://goo.gl/fbAQLP

exports[`projectPackage should have a list of method 1`] = `
Object {
  "StandaloneStore": [Function],
}
`;
